{
	"From-Service": [
		"some-service"
	]
}

"from-service": "some-service"
"From-Service": "some-service"
"From_Service": ""